src/lib/swal.ts(5,7): error TS6133: 'SLATE_900' is declared but its value is never read.
src/pages/app/CategoriesPage.tsx(2,31): error TS6133: 'List' is declared but its value is never read.
src/pages/app/CategoriesPage.tsx(2,42): error TS6133: 'Eye' is declared but its value is never read.
src/pages/app/CategoriesPage.tsx(2,47): error TS6133: 'EyeSlash' is declared but its value is never read.
src/pages/app/CategoriesPage.tsx(2,57): error TS6133: 'DotsThreeOutlineVertical' is declared but its value is never read.
src/pages/app/CategoriesPage.tsx(158,33): error TS6133: 'idx' is declared but its value is never read.
src/pages/app/MenuItemsPage.tsx(3,39): error TS6133: 'ToggleRight' is declared but its value is never read.
src/pages/app/MenuItemsPage.tsx(3,52): error TS6133: 'ToggleLeft' is declared but its value is never read.
src/pages/app/MenuItemsPage.tsx(5,21): error TS6133: 'CurrencyDollar' is declared but its value is never read.
src/pages/app/MenuItemsPage.tsx(6,5): error TS6133: 'DotsThreeOutlineVertical' is declared but its value is never read.
src/pages/app/OrderDetailPage.tsx(7,3): error TS6133: 'User' is declared but its value is never read.
src/pages/app/OrderDetailPage.tsx(8,3): error TS6133: 'Clock' is declared but its value is never read.
src/pages/app/OrderDetailPage.tsx(17,3): error TS6133: 'DotsThreeOutlineVertical' is declared but its value is never read.
src/pages/app/OrderDetailPage.tsx(32,3): error TS6133: 'STATUS_COLORS' is declared but its value is never read.
src/pages/app/OrderDetailPage.tsx(165,10): error TS6133: 'actionError' is declared but its value is never read.
src/pages/app/PaymentHistoryPage.tsx(4,5): error TS6133: 'CircleNotch' is declared but its value is never read.
src/pages/app/PaymentHistoryPage.tsx(6,13): error TS6133: 'MagnifyingGlass' is declared but its value is never read.
src/pages/app/PaymentHistoryPage.tsx(11,3): error TS6133: 'METHOD_LABELS' is declared but its value is never read.
src/pages/app/PaymentHistoryPage.tsx(12,3): error TS6133: 'PAYMENT_STATUS_LABELS' is declared but its value is never read.
src/pages/app/PaymentHistoryPage.tsx(13,3): error TS6133: 'PAYMENT_STATUS_COLORS' is declared but its value is never read.
src/pages/app/PaymentPage.tsx(9,3): error TS6133: 'CreditCard' is declared but its value is never read.
src/pages/app/PaymentPage.tsx(10,3): error TS6133: 'DeviceMobile' is declared but its value is never read.
src/pages/app/PaymentPage.tsx(22,3): error TS6133: 'CaretRight' is declared but its value is never read.
src/pages/app/PaymentPage.tsx(28,3): error TS6133: 'METHOD_LABELS' is declared but its value is never read.
src/pages/app/PaymentPage.tsx(33,1): error TS6133: 'Badge' is declared but its value is never read.
src/pages/app/PaymentPage.tsx(227,11): error TS2304: Cannot find name 'Toast'.
src/pages/app/PaymentPage.tsx(230,11): error TS2304: Cannot find name 'Toast'.
src/pages/app/ReportsPage.tsx(21,3): error TS6133: 'ArrowsClockwise' is declared but its value is never read.
src/pages/app/SettingsPage.tsx(11,16): error TS6133: 'SealCheck' is declared but its value is never read.
src/pages/app/SettingsPage.tsx(27,10): error TS6133: 'cn' is declared but its value is never read.
src/pages/app/StaffPage.tsx(18,3): error TS2440: Import declaration conflicts with local declaration of 'CheckCircle'.
src/pages/app/StaffPage.tsx(242,19): error TS6133: 'Icon' is declared but its value is never read.
src/pages/app/StaffPage.tsx(383,42): error TS2345: Argument of type '(f: StaffFormData) => { role: string; name: string; email: string; password?: string | undefined; password_confirmation?: string | undefined; phone?: string | undefined; }' is not assignable to parameter of type 'SetStateAction<StaffFormData>'.
  Type '(f: StaffFormData) => { role: string; name: string; email: string; password?: string | undefined; password_confirmation?: string | undefined; phone?: string | undefined; }' is not assignable to type '(prevState: StaffFormData) => StaffFormData'.
    Call signature return types '{ role: string; name: string; email: string; password?: string | undefined; password_confirmation?: string | undefined; phone?: string | undefined; }' and 'StaffFormData' are incompatible.
      The types of 'role' are incompatible between these types.
        Type 'string' is not assignable to type '"manager" | "cashier" | "kitchen"'.
src/pages/app/SubscriptionPage.tsx(3,5): error TS6133: 'Clock' is declared but its value is never read.
src/pages/app/SubscriptionPage.tsx(3,42): error TS6133: 'SealCheck' is declared but its value is never read.
src/pages/app/SubscriptionPage.tsx(4,34): error TS6133: 'RocketLaunch' is declared but its value is never read.
src/pages/app/SubscriptionPage.tsx(5,5): error TS6133: 'Diamond' is declared but its value is never read.
src/pages/app/SubscriptionPage.tsx(5,39): error TS6133: 'Info' is declared but its value is never read.
src/pages/app/SubscriptionPage.tsx(6,5): error TS6133: 'LockKey' is declared but its value is never read.
src/pages/app/SubscriptionPage.tsx(7,5): error TS6133: 'ChartLineUp' is declared but its value is never read.
src/pages/app/SubscriptionPage.tsx(261,27): error TS6133: 'isUltra' is declared but its value is never read.
src/pages/public/components/MenuCard.tsx(1,1): error TS6133: 'React' is declared but its value is never read.
src/pages/public/components/MenuCard.tsx(7,10): error TS6133: 'cn' is declared but its value is never read.
src/pages/public/components/SuccessScreen.tsx(1,1): error TS6133: 'React' is declared but its value is never read.
src/pages/public/PublicMenuPage.tsx(14,1): error TS6133: 'Button' is declared but its value is never read.
src/pages/superadmin/SuperAdminDashboardPage.tsx(3,40): error TS6133: 'CircleNotch' is declared but its value is never read.
src/pages/superadmin/SuperAdminDashboardPage.tsx(4,22): error TS6133: 'IdentificationBadge' is declared but its value is never read.
src/pages/superadmin/SuperAdminDashboardPage.tsx(5,25): error TS6133: 'WarningCircle' is declared but its value is never read.
src/pages/superadmin/SuperAdminDashboardPage.tsx(13,33): error TS6133: 'BarChart' is declared but its value is never read.
src/pages/superadmin/SuperAdminDashboardPage.tsx(13,43): error TS6133: 'Bar' is declared but its value is never read.
src/pages/superadmin/SuperAdminDashboardPage.tsx(244,31): error TS2304: Cannot find name 'Button'.
src/pages/superadmin/SuperAdminDashboardPage.tsx(246,32): error TS2304: Cannot find name 'Button'.
src/pages/superadmin/SuperAdminLogsPage.tsx(4,3): error TS6133: 'CircleNotch' is declared but its value is never read.
src/pages/superadmin/SuperAdminLogsPage.tsx(9,3): error TS6133: 'Fingerprint' is declared but its value is never read.
src/pages/superadmin/SuperAdminLogsPage.tsx(13,3): error TS6133: 'UserCircle' is declared but its value is never read.
src/pages/superadmin/SuperAdminLogsPage.tsx(14,3): error TS6133: 'CaretDown' is declared but its value is never read.
src/pages/superadmin/SuperAdminRestaurantsPage.tsx(5,3): error TS6133: 'XCircle' is declared but its value is never read.
src/pages/superadmin/SuperAdminRestaurantsPage.tsx(11,3): error TS6133: 'IdentificationBadge' is declared but its value is never read.
src/pages/superadmin/SuperAdminRestaurantsPage.tsx(13,3): error TS6133: 'Funnel' is declared but its value is never read.
src/pages/superadmin/SuperAdminRestaurantsPage.tsx(15,3): error TS6133: 'UserCircle' is declared but its value is never read.
src/pages/superadmin/SuperAdminRestaurantsPage.tsx(18,3): error TS6133: 'HandPointing' is declared but its value is never read.
src/pages/superadmin/SuperAdminRestaurantsPage.tsx(29,1): error TS6133: 'Button' is declared but its value is never read.
